Archive member included to satisfy reference by file (symbol)

/usr/lib/gcc/arm-none-eabi/14.2.0/../../../../arm-none-eabi/lib/thumb/v7-m/nofp/libg_nano.a(libc_a-atexit.o)
                              /usr/lib/gcc/arm-none-eabi/14.2.0/../../../../arm-none-eabi/lib/thumb/v7-m/nofp/crt0.o (atexit)
/usr/lib/gcc/arm-none-eabi/14.2.0/../../../../arm-none-eabi/lib/thumb/v7-m/nofp/libg_nano.a(libc_a-exit.o)
                              /usr/lib/gcc/arm-none-eabi/14.2.0/../../../../arm-none-eabi/lib/thumb/v7-m/nofp/crt0.o (exit)
/usr/lib/gcc/arm-none-eabi/14.2.0/../../../../arm-none-eabi/lib/thumb/v7-m/nofp/libg_nano.a(libc_a-findfp.o)
                              /usr/lib/gcc/arm-none-eabi/14.2.0/../../../../arm-none-eabi/lib/thumb/v7-m/nofp/libg_nano.a(libc_a-exit.o) (__stdio_exit_handler)
/usr/lib/gcc/arm-none-eabi/14.2.0/../../../../arm-none-eabi/lib/thumb/v7-m/nofp/libg_nano.a(libc_a-fwalk.o)
                              /usr/lib/gcc/arm-none-eabi/14.2.0/../../../../arm-none-eabi/lib/thumb/v7-m/nofp/libg_nano.a(libc_a-findfp.o) (_fwalk_sglue)
/usr/lib/gcc/arm-none-eabi/14.2.0/../../../../arm-none-eabi/lib/thumb/v7-m/nofp/libg_nano.a(libc_a-stdio.o)
                              /usr/lib/gcc/arm-none-eabi/14.2.0/../../../../arm-none-eabi/lib/thumb/v7-m/nofp/libg_nano.a(libc_a-findfp.o) (__sread)
/usr/lib/gcc/arm-none-eabi/14.2.0/../../../../arm-none-eabi/lib/thumb/v7-m/nofp/libg_nano.a(libc_a-memset.o)
                              /usr/lib/gcc/arm-none-eabi/14.2.0/../../../../arm-none-eabi/lib/thumb/v7-m/nofp/crt0.o (memset)
/usr/lib/gcc/arm-none-eabi/14.2.0/../../../../arm-none-eabi/lib/thumb/v7-m/nofp/libg_nano.a(libc_a-closer.o)
                              /usr/lib/gcc/arm-none-eabi/14.2.0/../../../../arm-none-eabi/lib/thumb/v7-m/nofp/libg_nano.a(libc_a-stdio.o) (_close_r)
/usr/lib/gcc/arm-none-eabi/14.2.0/../../../../arm-none-eabi/lib/thumb/v7-m/nofp/libg_nano.a(libc_a-reent.o)
                              /usr/lib/gcc/arm-none-eabi/14.2.0/../../../../arm-none-eabi/lib/thumb/v7-m/nofp/libg_nano.a(libc_a-closer.o) (errno)
/usr/lib/gcc/arm-none-eabi/14.2.0/../../../../arm-none-eabi/lib/thumb/v7-m/nofp/libg_nano.a(libc_a-impure.o)
                              /usr/lib/gcc/arm-none-eabi/14.2.0/../../../../arm-none-eabi/lib/thumb/v7-m/nofp/libg_nano.a(libc_a-reent.o) (_impure_ptr)
/usr/lib/gcc/arm-none-eabi/14.2.0/../../../../arm-none-eabi/lib/thumb/v7-m/nofp/libg_nano.a(libc_a-lseekr.o)
                              /usr/lib/gcc/arm-none-eabi/14.2.0/../../../../arm-none-eabi/lib/thumb/v7-m/nofp/libg_nano.a(libc_a-stdio.o) (_lseek_r)
/usr/lib/gcc/arm-none-eabi/14.2.0/../../../../arm-none-eabi/lib/thumb/v7-m/nofp/libg_nano.a(libc_a-readr.o)
                              /usr/lib/gcc/arm-none-eabi/14.2.0/../../../../arm-none-eabi/lib/thumb/v7-m/nofp/libg_nano.a(libc_a-stdio.o) (_read_r)
/usr/lib/gcc/arm-none-eabi/14.2.0/../../../../arm-none-eabi/lib/thumb/v7-m/nofp/libg_nano.a(libc_a-writer.o)
                              /usr/lib/gcc/arm-none-eabi/14.2.0/../../../../arm-none-eabi/lib/thumb/v7-m/nofp/libg_nano.a(libc_a-stdio.o) (_write_r)
/usr/lib/gcc/arm-none-eabi/14.2.0/../../../../arm-none-eabi/lib/thumb/v7-m/nofp/libg_nano.a(libc_a-errno.o)
                              CMakeFiles/Platypus_Measurer.dir/Core/Src/sysmem.c.obj (__errno)
/usr/lib/gcc/arm-none-eabi/14.2.0/../../../../arm-none-eabi/lib/thumb/v7-m/nofp/libg_nano.a(libc_a-init.o)
                              /usr/lib/gcc/arm-none-eabi/14.2.0/../../../../arm-none-eabi/lib/thumb/v7-m/nofp/crt0.o (__libc_init_array)
/usr/lib/gcc/arm-none-eabi/14.2.0/../../../../arm-none-eabi/lib/thumb/v7-m/nofp/libg_nano.a(libc_a-fini.o)
                              /usr/lib/gcc/arm-none-eabi/14.2.0/../../../../arm-none-eabi/lib/thumb/v7-m/nofp/crt0.o (__libc_fini_array)
/usr/lib/gcc/arm-none-eabi/14.2.0/../../../../arm-none-eabi/lib/thumb/v7-m/nofp/libg_nano.a(libc_a-lock.o)
                              /usr/lib/gcc/arm-none-eabi/14.2.0/../../../../arm-none-eabi/lib/thumb/v7-m/nofp/libg_nano.a(libc_a-findfp.o) (__retarget_lock_init_recursive)
/usr/lib/gcc/arm-none-eabi/14.2.0/../../../../arm-none-eabi/lib/thumb/v7-m/nofp/libg_nano.a(libc_a-__atexit.o)
                              /usr/lib/gcc/arm-none-eabi/14.2.0/../../../../arm-none-eabi/lib/thumb/v7-m/nofp/libg_nano.a(libc_a-atexit.o) (__register_exitproc)
/usr/lib/gcc/arm-none-eabi/14.2.0/../../../../arm-none-eabi/lib/thumb/v7-m/nofp/libg_nano.a(libc_a-__call_atexit.o)
                              /usr/lib/gcc/arm-none-eabi/14.2.0/../../../../arm-none-eabi/lib/thumb/v7-m/nofp/libg_nano.a(libc_a-__atexit.o) (__call_exitprocs)
/usr/lib/gcc/arm-none-eabi/14.2.0/../../../../arm-none-eabi/lib/thumb/v7-m/nofp/libg_nano.a(libc_a-freer.o)
                              /usr/lib/gcc/arm-none-eabi/14.2.0/../../../../arm-none-eabi/lib/thumb/v7-m/nofp/libg_nano.a(libc_a-reent.o) (_free_r)
/usr/lib/gcc/arm-none-eabi/14.2.0/../../../../arm-none-eabi/lib/thumb/v7-m/nofp/libg_nano.a(libc_a-mallocr.o)
[...]
Memory Configuration

Name             Origin             Length             Attributes
RAM              0x20000000         0x00005000         xrw
FLASH            0x08000000         0x00010000         xr
*default*        0x00000000         0xffffffff

Linker script and memory map

LOAD /usr/lib/gcc/arm-none-eabi/14.2.0/thumb/v7-m/nofp/crti.o
LOAD /usr/lib/gcc/arm-none-eabi/14.2.0/thumb/v7-m/nofp/crtbegin.o
LOAD /usr/lib/gcc/arm-none-eabi/14.2.0/../../../../arm-none-eabi/lib/thumb/v7-m/nofp/crt0.o
LOAD CMakeFiles/Platypus_Measurer.dir/Core/Src/main.cpp.obj
LOAD CMakeFiles/Platypus_Measurer.dir/Core/Src/stm32f1xx_it.c.obj
LOAD CMakeFiles/Platypus_Measurer.dir/Core/Src/stm32f1xx_hal_msp.c.obj
LOAD CMakeFiles/Platypus_Measurer.dir/Core/Src/sysmem.c.obj
LOAD CMakeFiles/Platypus_Measurer.dir/Core/Src/syscalls.c.obj
LOAD CMakeFiles/Platypus_Measurer.dir/startup_stm32f103xb.s.obj
LOAD cmake/stm32cubemx/CMakeFiles/STM32_Drivers.dir/__/__/Core/Src/system_stm32f1xx.c.obj
LOAD cmake/stm32cubemx/CMakeFiles/STM32_Drivers.dir/__/__/Drivers/STM32F1xx_HAL_Driver/Src/stm32f1xx_hal_gpio_ex.c.obj
LOAD cmake/stm32cubemx/CMakeFiles/STM32_Drivers.dir/__/__/Drivers/STM32F1xx_HAL_Driver/Src/stm32f1xx_hal_spi.c.obj
LOAD cmake/stm32cubemx/CMakeFiles/STM32_Drivers.dir/__/__/Drivers/STM32F1xx_HAL_Driver/Src/stm32f1xx_hal.c.obj
LOAD cmake/stm32cubemx/CMakeFiles/STM32_Drivers.dir/__/__/Drivers/STM32F1xx_HAL_Driver/Src/stm32f1xx_hal_rcc.c.obj
LOAD cmake/stm32cubemx/CMakeFiles/STM32_Drivers.dir/__/__/Drivers/STM32F1xx_HAL_Driver/Src/stm32f1xx_hal_rcc_ex.c.obj
LOAD cmake/stm32cubemx/CMakeFiles/STM32_Drivers.dir/__/__/Drivers/STM32F1xx_HAL_Driver/Src/stm32f1xx_hal_gpio.c.obj
LOAD cmake/stm32cubemx/CMakeFiles/STM32_Drivers.dir/__/__/Drivers/STM32F1xx_HAL_Driver/Src/stm32f1xx_hal_dma.c.obj
LOAD cmake/stm32cubemx/CMakeFiles/STM32_Drivers.dir/__/__/Drivers/STM32F1xx_HAL_Driver/Src/stm32f1xx_hal_cortex.c.obj
LOAD cmake/stm32cubemx/CMakeFiles/STM32_Drivers.dir/__/__/Drivers/STM32F1xx_HAL_Driver/Src/stm32f1xx_hal_pwr.c.obj
LOAD cmake/stm32cubemx/CMakeFiles/STM32_Drivers.dir/__/__/Drivers/STM32F1xx_HAL_Driver/Src/stm32f1xx_hal_flash.c.obj
LOAD cmake/stm32cubemx/CMakeFiles/STM32_Drivers.dir/__/__/Drivers/STM32F1xx_HAL_Driver/Src/stm32f1xx_hal_flash_ex.c.obj
LOAD cmake/stm32cubemx/CMakeFiles/STM32_Drivers.dir/__/__/Drivers/STM32F1xx_HAL_Driver/Src/stm32f1xx_hal_exti.c.obj
LOAD /usr/lib/gcc/arm-none-eabi/14.2.0/../../../../arm-none-eabi/lib/thumb/v7-m/nofp/libstdc++_nano.a
LOAD /usr/lib/gcc/arm-none-eabi/14.2.0/../../../../arm-none-eabi/lib/thumb/v7-m/nofp/libm.a
START GROUP
LOAD /usr/lib/gcc/arm-none-eabi/14.2.0/thumb/v7-m/nofp/libgcc.a
LOAD /usr/lib/gcc/arm-none-eabi/14.2.0/../../../../arm-none-eabi/lib/thumb/v7-m/nofp/libg_nano.a
LOAD /usr/lib/gcc/arm-none-eabi/14.2.0/../../../../arm-none-eabi/lib/thumb/v7-m/nofp/libc_nano.a
END GROUP
START GROUP
LOAD /usr/lib/gcc/arm-none-eabi/14.2.0/thumb/v7-m/nofp/libgcc.a
LOAD /usr/lib/gcc/arm-none-eabi/14.2.0/../../../../arm-none-eabi/lib/thumb/v7-m/nofp/libc_nano.a
END GROUP
LOAD /usr/lib/gcc/arm-none-eabi/14.2.0/thumb/v7-m/nofp/crtend.o
LOAD /usr/lib/gcc/arm-none-eabi/14.2.0/thumb/v7-m/nofp/crtn.o
                0x20005000                        _estack = (ORIGIN (RAM) + LENGTH (RAM))
                0x00000200                        _Min_Heap_Size = 0x200
                0x00000400                        _Min_Stack_Size = 0x400

.isr_vector     0x08000000      0x10c
                0x08000000                        . = ALIGN (0x4)
 *(.isr_vector)
 .isr_vector    0x08000000      0x10c CMakeFiles/Platypus_Measurer.dir/startup_stm32f103xb.s.obj
                0x08000000                g_pfnVectors
                0x0800010c                        . = ALIGN (0x4)

.text           0x0800010c     0x1870
                0x0800010c                        . = ALIGN (0x4)
 *(.text)
 *(.text*)
 .text.__do_global_dtors_aux
                0x0800010c       0x24 /usr/lib/gcc/arm-none-eabi/14.2.0/thumb/v7-m/nofp/crtbegin.o
 .text.frame_dummy
                0x08000130       0x1c /usr/lib/gcc/arm-none-eabi/14.2.0/thumb/v7-m/nofp/crtbegin.o
 .text._ZN3LEDC2ER12LED_RGB_Data
                0x0800014c       0x30 CMakeFiles/Platypus_Measurer.dir/Core/Src/main.cpp.obj
                0x0800014c                LED::LED(LED_RGB_Data&)
                0x0800014c                LED::LED(LED_RGB_Data&)
 .text._Z13accelerometerv
                0x0800017c       0x24 CMakeFiles/Platypus_Measurer.dir/Core/Src/main.cpp.obj
                0x0800017c                accelerometer()
 .text._Z4stopv
                0x080001a0       0x24 CMakeFiles/Platypus_Measurer.dir/Core/Src/main.cpp.obj
                0x080001a0                stop()
 .text.main     0x080001c4       0x68 CMakeFiles/Platypus_Measurer.dir/Core/Src/main.cpp.obj
                0x080001c4                main
 .text._Z18SystemClock_Configv
                0x0800022c       0xa0 CMakeFiles/Platypus_Measurer.dir/Core/Src/main.cpp.obj
                0x0800022c                SystemClock_Config()
 .text._ZL12MX_SPI1_Initv
                0x080002cc       0x78 CMakeFiles/Platypus_Measurer.dir/Core/Src/main.cpp.obj
 .text._ZL12MX_GPIO_Initv
                0x08000344      0x108 CMakeFiles/Platypus_Measurer.dir/Core/Src/main.cpp.obj
 .text.Error_Handler
                0x0800044c        0xc CMakeFiles/Platypus_Measurer.dir/Core/Src/main.cpp.obj
                0x0800044c                Error_Handler
 .text.NMI_Handler
                0x08000458        0x8 CMakeFiles/Platypus_Measurer.dir/Core/Src/stm32f1xx_it.c.obj
                0x08000458                NMI_Handler
 .text.HardFault_Handler
                0x08000460        0x8 CMakeFiles/Platypus_Measurer.dir/Core/Src/stm32f1xx_it.c.obj
                0x08000460                HardFault_Handler
 .text.MemManage_Handler
                0x08000468        0x8 CMakeFiles/Platypus_Measurer.dir/Core/Src/stm32f1xx_it.c.obj
                0x08000468                MemManage_Handler
 .text.BusFault_Handler
                0x08000470        0x8 CMakeFiles/Platypus_Measurer.dir/Core/Src/stm32f1xx_it.c.obj
                0x08000470                BusFault_Handler
 .text.UsageFault_Handler
                0x08000478        0x8 CMakeFiles/Platypus_Measurer.dir/Core/Src/stm32f1xx_it.c.obj
                0x08000478                UsageFault_Handler
 .text.SVC_Handler
                0x08000480        0xc CMakeFiles/Platypus_Measurer.dir/Core/Src/stm32f1xx_it.c.obj
                0x08000480                SVC_Handler
 .text.DebugMon_Handler
                0x0800048c        0xc CMakeFiles/Platypus_Measurer.dir/Core/Src/stm32f1xx_it.c.obj
                0x0800048c                DebugMon_Handler
 .text.PendSV_Handler
                0x08000498        0xc CMakeFiles/Platypus_Measurer.dir/Core/Src/stm32f1xx_it.c.obj
                0x08000498                PendSV_Handler
 .text.SysTick_Handler
                0x080004a4        0xc CMakeFiles/Platypus_Measurer.dir/Core/Src/stm32f1xx_it.c.obj
                0x080004a4                SysTick_Handler
 .text.HAL_MspInit
                0x080004b0       0x64 CMakeFiles/Platypus_Measurer.dir/Core/Src/stm32f1xx_hal_msp.c.obj
                0x080004b0                HAL_MspInit
 .text.HAL_SPI_MspInit
                0x08000514       0x94 CMakeFiles/Platypus_Measurer.dir/Core/Src/stm32f1xx_hal_msp.c.obj
                0x08000514                HAL_SPI_MspInit
 .text.Reset_Handler
                0x080005a8       0x48 CMakeFiles/Platypus_Measurer.dir/startup_stm32f103xb.s.obj
                0x080005a8                Reset_Handler
 .text.Default_Handler
                0x080005f0        0x2 CMakeFiles/Platypus_Measurer.dir/startup_stm32f103xb.s.obj
                0x080005f0                RTC_Alarm_IRQHandler
                0x080005f0                EXTI2_IRQHandler
                0x080005f0                TIM1_CC_IRQHandler
                0x080005f0                PVD_IRQHandler
                0x080005f0                EXTI3_IRQHandler
                0x080005f0                EXTI0_IRQHandler
                0x080005f0                I2C2_EV_IRQHandler
                0x080005f0                ADC1_2_IRQHandler
                0x080005f0                SPI1_IRQHandler
                0x080005f0                TAMPER_IRQHandler
                0x080005f0                DMA1_Channel4_IRQHandler
                0x080005f0                USART3_IRQHandler
                0x080005f0                RTC_IRQHandler
                0x080005f0                DMA1_Channel7_IRQHandler
                0x080005f0                CAN1_RX1_IRQHandler
                0x080005f0                TIM4_IRQHandler
                0x080005f0                I2C1_EV_IRQHandler
                0x080005f0                DMA1_Channel6_IRQHandler
                0x080005f0                TIM3_IRQHandler
                0x080005f0                RCC_IRQHandler
                0x080005f0                TIM1_TRG_COM_IRQHandler
                0x080005f0                DMA1_Channel1_IRQHandler
                0x080005f0                Default_Handler
                0x080005f0                EXTI15_10_IRQHandler
                0x080005f0                EXTI9_5_IRQHandler
                0x080005f0                SPI2_IRQHandler
                0x080005f0                DMA1_Channel5_IRQHandler
                0x080005f0                EXTI4_IRQHandler
                0x080005f0                USB_LP_CAN1_RX0_IRQHandler
                0x080005f0                USB_HP_CAN1_TX_IRQHandler
                0x080005f0                DMA1_Channel3_IRQHandler
                0x080005f0                TIM1_UP_IRQHandler
                0x080005f0                WWDG_IRQHandler
                0x080005f0                TIM2_IRQHandler
                0x080005f0                TIM1_BRK_IRQHandler
                0x080005f0                EXTI1_IRQHandler
                0x080005f0                USART2_IRQHandler
                0x080005f0                I2C2_ER_IRQHandler
                0x080005f0                DMA1_Channel2_IRQHandler
                0x080005f0                CAN1_SCE_IRQHandler
                0x080005f0                FLASH_IRQHandler
                0x080005f0                USART1_IRQHandler
                0x080005f0                I2C1_ER_IRQHandler
                0x080005f0                USBWakeUp_IRQHandler
 *fill*         0x080005f2        0x2 
 .text.SystemInit
                0x080005f4       0x68 cmake/stm32cubemx/CMakeFiles/STM32_Drivers.dir/__/__/Core/Src/system_stm32f1xx.c.obj
                0x080005f4                SystemInit
 .text.HAL_SPI_Init
                0x0800065c       0xc2 cmake/stm32cubemx/CMakeFiles/STM32_Drivers.dir/__/__/Drivers/STM32F1xx_HAL_Driver/Src/stm32f1xx_hal_spi.c.obj
                0x0800065c                HAL_SPI_Init
 .text.HAL_SPI_TransmitReceive
                0x0800071e      0x344 cmake/stm32cubemx/CMakeFiles/STM32_Drivers.dir/__/__/Drivers/STM32F1xx_HAL_Driver/Src/stm32f1xx_hal_spi.c.obj
                0x0800071e                HAL_SPI_TransmitReceive
 .text.SPI_WaitFlagStateUntilTimeout
                0x08000a62       0xd4 cmake/stm32cubemx/CMakeFiles/STM32_Drivers.dir/__/__/Drivers/STM32F1xx_HAL_Driver/Src/stm32f1xx_hal_spi.c.obj
 .text.SPI_EndRxTxTransaction
                0x08000b36       0x3c cmake/stm32cubemx/CMakeFiles/STM32_Drivers.dir/__/__/Drivers/STM32F1xx_HAL_Driver/Src/stm32f1xx_hal_spi.c.obj
 *fill*         0x08000b72        0x2 
 .text.HAL_Init
                0x08000b74       0x2c cmake/stm32cubemx/CMakeFiles/STM32_Drivers.dir/__/__/Drivers/STM32F1xx_HAL_Driver/Src/stm32f1xx_hal.c.obj
                0x08000b74                HAL_Init
 .text.HAL_InitTick
                0x08000ba0       0x60 cmake/stm32cubemx/CMakeFiles/STM32_Drivers.dir/__/__/Drivers/STM32F1xx_HAL_Driver/Src/stm32f1xx_hal.c.obj
                0x08000ba0                HAL_InitTick
 .text.HAL_IncTick
                0x08000c00       0x24 cmake/stm32cubemx/CMakeFiles/STM32_Drivers.dir/__/__/Drivers/STM32F1xx_HAL_Driver/Src/stm32f1xx_hal.c.obj
                0x08000c00                HAL_IncTick
 .text.HAL_GetTick
                0x08000c24       0x14 cmake/stm32cubemx/CMakeFiles/STM32_Drivers.dir/__/__/Drivers/STM32F1xx_HAL_Driver/Src/stm32f1xx_hal.c.obj
                0x08000c24                HAL_GetTick
 .text.HAL_RCC_OscConfig
                0x08000c38      0x504 cmake/stm32cubemx/CMakeFiles/STM32_Drivers.dir/__/__/Drivers/STM32F1xx_HAL_Driver/Src/stm32f1xx_hal_rcc.c.obj
                0x08000c38                HAL_RCC_OscConfig
 .text.HAL_RCC_ClockConfig
                0x0800113c      0x1d4 cmake/stm32cubemx/CMakeFiles/STM32_Drivers.dir/__/__/Drivers/STM32F1xx_HAL_Driver/Src/stm32f1xx_hal_rcc.c.obj
                0x0800113c                HAL_RCC_ClockConfig
 .text.HAL_RCC_GetSysClockFreq
                0x08001310       0xc0 cmake/stm32cubemx/CMakeFiles/STM32_Drivers.dir/__/__/Drivers/STM32F1xx_HAL_Driver/Src/stm32f1xx_hal_rcc.c.obj
                0x08001310                HAL_RCC_GetSysClockFreq
 .text.RCC_Delay
                0x080013d0       0x3c cmake/stm32cubemx/CMakeFiles/STM32_Drivers.dir/__/__/Drivers/STM32F1xx_HAL_Driver/Src/stm32f1xx_hal_rcc.c.obj
 .text.HAL_GPIO_Init
                0x0800140c      0x308 cmake/stm32cubemx/CMakeFiles/STM32_Drivers.dir/__/__/Drivers/STM32F1xx_HAL_Driver/Src/stm32f1xx_hal_gpio.c.obj
                0x0800140c                HAL_GPIO_Init
 .text.HAL_GPIO_WritePin
                0x08001714       0x30 cmake/stm32cubemx/CMakeFiles/STM32_Drivers.dir/__/__/Drivers/STM32F1xx_HAL_Driver/Src/stm32f1xx_hal_gpio.c.obj
                0x08001714                HAL_GPIO_WritePin
 .text.__NVIC_SetPriorityGrouping
                0x08001744       0x48 cmake/stm32cubemx/CMakeFiles/STM32_Drivers.dir/__/__/Drivers/STM32F1xx_HAL_Driver/Src/stm32f1xx_hal_cortex.c.obj
 .text.__NVIC_GetPriorityGrouping
                0x0800178c       0x1c cmake/stm32cubemx/CMakeFiles/STM32_Drivers.dir/__/__/Drivers/STM32F1xx_HAL_Driver/Src/stm32f1xx_hal_cortex.c.obj
 .text.__NVIC_SetPriority
                0x080017a8       0x54 cmake/stm32cubemx/CMakeFiles/STM32_Drivers.dir/__/__/Drivers/STM32F1xx_HAL_Driver/Src/stm32f1xx_hal_cortex.c.obj
 .text.NVIC_EncodePriority
                0x080017fc       0x64 cmake/stm32cubemx/CMakeFiles/STM32_Drivers.dir/__/__/Drivers/STM32F1xx_HAL_Driver/Src/stm32f1xx_hal_cortex.c.obj
 .text.SysTick_Config
                0x08001860       0x44 cmake/stm32cubemx/CMakeFiles/STM32_Drivers.dir/__/__/Drivers/STM32F1xx_HAL_Driver/Src/stm32f1xx_hal_cortex.c.obj
 .text.HAL_NVIC_SetPriorityGrouping
                0x080018a4       0x16 cmake/stm32cubemx/CMakeFiles/STM32_Drivers.dir/__/__/Drivers/STM32F1xx_HAL_Driver/Src/stm32f1xx_hal_cortex.c.obj
                0x080018a4                HAL_NVIC_SetPriorityGrouping
 .text.HAL_NVIC_SetPriority
                0x080018ba       0x38 cmake/stm32cubemx/CMakeFiles/STM32_Drivers.dir/__/__/Drivers/STM32F1xx_HAL_Driver/Src/stm32f1xx_hal_cortex.c.obj
                0x080018ba                HAL_NVIC_SetPriority
 .text.HAL_SYSTICK_Config
                0x080018f2       0x18 cmake/stm32cubemx/CMakeFiles/STM32_Drivers.dir/__/__/Drivers/STM32F1xx_HAL_Driver/Src/stm32f1xx_hal_cortex.c.obj
                0x080018f2                HAL_SYSTICK_Config
 .text.memset   0x0800190a       0x10 /usr/lib/gcc/arm-none-eabi/14.2.0/../../../../arm-none-eabi/lib/thumb/v7-m/nofp/libg_nano.a(libc_a-memset.o)
                0x0800190a                memset
 *fill*         0x0800191a        0x2 
 .text.__libc_init_array
                0x0800191c       0x48 /usr/lib/gcc/arm-none-eabi/14.2.0/../../../../arm-none-eabi/lib/thumb/v7-m/nofp/libg_nano.a(libc_a-init.o)
                0x0800191c                __libc_init_array
 *(.glue_7)
 .glue_7        0x08001964        0x0 linker stubs
 *(.glue_7t)
 .glue_7t       0x08001964        0x0 linker stubs
 *(.eh_frame)
 .eh_frame      0x08001964        0x0 /usr/lib/gcc/arm-none-eabi/14.2.0/thumb/v7-m/nofp/crtbegin.o
 *(.init)
 .init          0x08001964        0x4 /usr/lib/gcc/arm-none-eabi/14.2.0/thumb/v7-m/nofp/crti.o
                0x08001964                _init
 .init          0x08001968        0x8 /usr/lib/gcc/arm-none-eabi/14.2.0/thumb/v7-m/nofp/crtn.o
 *(.fini)
 .fini          0x08001970        0x4 /usr/lib/gcc/arm-none-eabi/14.2.0/thumb/v7-m/nofp/crti.o
                0x08001970                _fini
 .fini          0x08001974        0x8 /usr/lib/gcc/arm-none-eabi/14.2.0/thumb/v7-m/nofp/crtn.o
                0x0800197c                        . = ALIGN (0x4)
                0x0800197c                        _etext = .

.vfp11_veneer   0x0800197c        0x0
 .vfp11_veneer  0x0800197c        0x0 linker stubs

.v4_bx          0x0800197c        0x0
 .v4_bx         0x0800197c        0x0 linker stubs

.iplt           0x0800197c        0x0
 .iplt          0x0800197c        0x0 /usr/lib/gcc/arm-none-eabi/14.2.0/thumb/v7-m/nofp/crtbegin.o

.rodata         0x0800197c       0x38
                0x0800197c                        . = ALIGN (0x4)
 *(.rodata)
 .rodata        0x0800197c       0x18 CMakeFiles/Platypus_Measurer.dir/Core/Src/main.cpp.obj
 .rodata        0x08001994       0x10 cmake/stm32cubemx/CMakeFiles/STM32_Drivers.dir/__/__/Drivers/STM32F1xx_HAL_Driver/Src/stm32f1xx_hal_rcc.c.obj
 *(.rodata*)
 .rodata.AHBPrescTable
                0x080019a4       0x10 cmake/stm32cubemx/CMakeFiles/STM32_Drivers.dir/__/__/Core/Src/system_stm32f1xx.c.obj
                0x080019a4                AHBPrescTable
                0x080019b4                        . = ALIGN (0x4)

.ARM.extab      0x080019b4        0x0
                0x080019b4                        . = ALIGN (0x4)
 *(.ARM.extab* .gnu.linkonce.armextab.*)
                0x080019b4                        . = ALIGN (0x4)

.ARM            0x080019b4        0x0
                0x080019b4                        . = ALIGN (0x4)
                0x080019b4                        __exidx_start = .
 *(.ARM.exidx*)
                0x080019b4                        __exidx_end = .
                0x080019b4                        . = ALIGN (0x4)

.preinit_array  0x080019b4        0x0
                0x080019b4                        . = ALIGN (0x4)
                0x080019b4                        PROVIDE (__preinit_array_start = .)
 *(.preinit_array*)
                0x080019b4                        PROVIDE (__preinit_array_end = .)
                0x080019b4                        . = ALIGN (0x4)

.init_array     0x080019b4        0x4
                0x080019b4                        . = ALIGN (0x4)
                0x080019b4                        PROVIDE (__init_array_start = .)
 *(SORT_BY_NAME(.init_array.*))
 *(.init_array*)
 .init_array    0x080019b4        0x4 /usr/lib/gcc/arm-none-eabi/14.2.0/thumb/v7-m/nofp/crtbegin.o
                0x080019b8                        PROVIDE (__init_array_end = .)
                0x080019b8                        . = ALIGN (0x4)

.fini_array     0x080019b8        0x4
                0x080019b8                        . = ALIGN (0x4)
                0x080019b8                        PROVIDE (__fini_array_start = .)
 *(SORT_BY_NAME(.fini_array.*))
 *(.fini_array*)
 .fini_array    0x080019b8        0x4 /usr/lib/gcc/arm-none-eabi/14.2.0/thumb/v7-m/nofp/crtbegin.o
                0x080019bc                        PROVIDE (__fini_array_end = .)
                0x080019bc                        . = ALIGN (0x4)
                0x080019bc                        _sidata = LOADADDR (.data)

.rel.dyn        0x080019bc        0x0
 .rel.iplt      0x080019bc        0x0 /usr/lib/gcc/arm-none-eabi/14.2.0/thumb/v7-m/nofp/crtbegin.o

.data           0x20000000        0xc load address 0x080019bc
                0x20000000                        . = ALIGN (0x4)
                0x20000000                        _sdata = .
 *(.data)
 *(.data*)
 .data.SystemCoreClock
                0x20000000        0x4 cmake/stm32cubemx/CMakeFiles/STM32_Drivers.dir/__/__/Core/Src/system_stm32f1xx.c.obj
                0x20000000                SystemCoreClock
 .data.uwTickPrio
                0x20000004        0x4 cmake/stm32cubemx/CMakeFiles/STM32_Drivers.dir/__/__/Drivers/STM32F1xx_HAL_Driver/Src/stm32f1xx_hal.c.obj
                0x20000004                uwTickPrio
 .data.uwTickFreq
                0x20000008        0x1 cmake/stm32cubemx/CMakeFiles/STM32_Drivers.dir/__/__/Drivers/STM32F1xx_HAL_Driver/Src/stm32f1xx_hal.c.obj
                0x20000008                uwTickFreq
 *(.RamFunc)
 *(.RamFunc*)
                0x2000000c                        . = ALIGN (0x4)
 *fill*         0x20000009        0x3 

.igot.plt       0x2000000c        0x0 load address 0x080019c8
 .igot.plt      0x2000000c        0x0 /usr/lib/gcc/arm-none-eabi/14.2.0/thumb/v7-m/nofp/crtbegin.o

.tdata          0x2000000c        0x0 load address 0x080019c8
 *(.tdata .tdata.* .gnu.linkonce.td.*)
                0x2000000c                        . = ALIGN (0x4)
                0x2000000c                        _edata = .
                [!provide]                        PROVIDE (__data_end = .)
                [!provide]                        PROVIDE (__tdata_end = .)
                [!provide]                        PROVIDE (__tdata_start = ADDR (.tdata))
                [!provide]                        PROVIDE (__tdata_size = (__tdata_end - __tdata_start))
                [!provide]                        PROVIDE (__data_start = ADDR (.data))
                [!provide]                        PROVIDE (__data_size = (__data_end - __data_start))
                [!provide]                        PROVIDE (__tdata_source = LOADADDR (.tdata))
                [!provide]                        PROVIDE (__tdata_source_end = (LOADADDR (.tdata) + SIZEOF (.tdata)))
                [!provide]                        PROVIDE (__tdata_source_size = (__tdata_source_end - __tdata_source))
                [!provide]                        PROVIDE (__data_source = LOADADDR (.data))
                [!provide]                        PROVIDE (__data_source_end = __tdata_source_end)
                [!provide]                        PROVIDE (__data_source_size = (__data_source_end - __data_source))

.tbss           0x2000000c        0x0 load address 0x080019c8
                0x2000000c                        _sbss = .
                0x2000000c                        __bss_start__ = _sbss
 *(.tbss .tbss.*)
                0x2000000c                        . = ALIGN (0x4)
                [!provide]                        PROVIDE (__tbss_end = .)
                [!provide]                        PROVIDE (__tbss_start = ADDR (.tbss))
                [!provide]                        PROVIDE (__tbss_size = (__tbss_end - __tbss_start))
                [!provide]                        PROVIDE (__tbss_offset = (ADDR (.tbss) - ADDR (.tdata)))
                [!provide]                        PROVIDE (__tls_base = __tdata_start)
                [!provide]                        PROVIDE (__tls_end = __tbss_end)
                [!provide]                        PROVIDE (__tls_size = (__tls_end - __tls_base))
                [!provide]                        PROVIDE (__tls_align = MAX (ALIGNOF (.tdata), ALIGNOF (.tbss)))
                [!provide]                        PROVIDE (__tls_size_align = (((__tls_size + __tls_align) - 0x1) & ~ ((__tls_align - 0x1))))
                [!provide]                        PROVIDE (__arm32_tls_tcb_offset = MAX (0x8, __tls_align))
                [!provide]                        PROVIDE (__arm64_tls_tcb_offset = MAX (0x10, __tls_align))

.bss            0x2000000c       0x78 load address 0x080019c8
 *(.bss)
 *(.bss*)
 .bss.completed.1
                0x2000000c        0x1 /usr/lib/gcc/arm-none-eabi/14.2.0/thumb/v7-m/nofp/crtbegin.o
 *fill*         0x2000000d        0x3 
 .bss.object.0  0x20000010       0x18 /usr/lib/gcc/arm-none-eabi/14.2.0/thumb/v7-m/nofp/crtbegin.o
 .bss.hspi1     0x20000028       0x58 CMakeFiles/Platypus_Measurer.dir/Core/Src/main.cpp.obj
                0x20000028                hspi1
 .bss.uwTick    0x20000080        0x4 cmake/stm32cubemx/CMakeFiles/STM32_Drivers.dir/__/__/Drivers/STM32F1xx_HAL_Driver/Src/stm32f1xx_hal.c.obj
                0x20000080                uwTick
 *(COMMON)
                0x20000084                        . = ALIGN (0x4)
                0x20000084                        _ebss = .
                0x20000084                        __bss_end__ = _ebss
                [!provide]                        PROVIDE (__bss_end = .)
                [!provide]                        PROVIDE (__non_tls_bss_start = ADDR (.bss))
                [!provide]                        PROVIDE (__bss_start = __tbss_start)
                [!provide]                        PROVIDE (__bss_size = (__bss_end - __bss_start))

._user_heap_stack
                0x20000084      0x604 load address 0x080019c8
                0x20000088                        . = ALIGN (0x8)
 *fill*         0x20000084        0x4 
                [!provide]                        PROVIDE (end = .)
                0x20000088                        PROVIDE (_end = .)
                0x20000288                        . = (. + _Min_Heap_Size)
 *fill*         0x20000088      0x200 
                0x20000688                        . = (. + _Min_Stack_Size)
 *fill*         0x20000288      0x400 
                0x20000688                        . = ALIGN (0x8)

/DISCARD/
 libc.a:*(*)
 libm.a:*(*)
 libgcc.a:*(*)
OUTPUT(Platypus_Measurer.elf elf32-littlearm)
LOAD linker stubs

.ARM.attributes
                0x00000000       0x29
 .ARM.attributes
                0x00000000       0x1d /usr/lib/gcc/arm-none-eabi/14.2.0/thumb/v7-m/nofp/crti.o
 .ARM.attributes
                0x0000001d       0x2d /usr/lib/gcc/arm-none-eabi/14.2.0/thumb/v7-m/nofp/crtbegin.o
 .ARM.attributes
                0x0000004a       0x2d CMakeFiles/Platypus_Measurer.dir/Core/Src/main.cpp.obj
 .ARM.attributes
                0x00000077       0x2d CMakeFiles/Platypus_Measurer.dir/Core/Src/stm32f1xx_it.c.obj
 .ARM.attributes
                0x000000a4       0x2d CMakeFiles/Platypus_Measurer.dir/Core/Src/stm32f1xx_hal_msp.c.obj
 .ARM.attributes
                0x000000d1       0x21 CMakeFiles/Platypus_Measurer.dir/startup_stm32f103xb.s.obj
 .ARM.attributes
                0x000000f2       0x2d cmake/stm32cubemx/CMakeFiles/STM32_Drivers.dir/__/__/Core/Src/system_stm32f1xx.c.obj
 .ARM.attributes
                0x0000011f       0x2d cmake/stm32cubemx/CMakeFiles/STM32_Drivers.dir/__/__/Drivers/STM32F1xx_HAL_Driver/Src/stm32f1xx_hal_spi.c.obj
 .ARM.attributes
                0x0000014c       0x2d cmake/stm32cubemx/CMakeFiles/STM32_Drivers.dir/__/__/Drivers/STM32F1xx_HAL_Driver/Src/stm32f1xx_hal.c.obj
 .ARM.attributes
                0x00000179       0x2d cmake/stm32cubemx/CMakeFiles/STM32_Drivers.dir/__/__/Drivers/STM32F1xx_HAL_Driver/Src/stm32f1xx_hal_rcc.c.obj
 .ARM.attributes
                0x000001a6       0x2d cmake/stm32cubemx/CMakeFiles/STM32_Drivers.dir/__/__/Drivers/STM32F1xx_HAL_Driver/Src/stm32f1xx_hal_gpio.c.obj
 .ARM.attributes
                0x000001d3       0x2d cmake/stm32cubemx/CMakeFiles/STM32_Drivers.dir/__/__/Drivers/STM32F1xx_HAL_Driver/Src/stm32f1xx_hal_cortex.c.obj
 .ARM.attributes
                0x00000200       0x2d /usr/lib/gcc/arm-none-eabi/14.2.0/../../../../arm-none-eabi/lib/thumb/v7-m/nofp/libg_nano.a(libc_a-memset.o)
 .ARM.attributes
                0x0000022d       0x2d /usr/lib/gcc/arm-none-eabi/14.2.0/../../../../arm-none-eabi/lib/thumb/v7-m/nofp/libg_nano.a(libc_a-init.o)
 .ARM.attributes
                0x0000025a       0x1d /usr/lib/gcc/arm-none-eabi/14.2.0/thumb/v7-m/nofp/crtn.o

.comment        0x00000000       0x1e
 .comment       0x00000000       0x1e CMakeFiles/Platypus_Measurer.dir/Core/Src/main.cpp.obj
                                 0x1f (size before relaxing)
 .comment       0x0000001e       0x1f CMakeFiles/Platypus_Measurer.dir/Core/Src/stm32f1xx_it.c.obj
 .comment       0x0000001e       0x1f CMakeFiles/Platypus_Measurer.dir/Core/Src/stm32f1xx_hal_msp.c.obj
 .comment       0x0000001e       0x1f cmake/stm32cubemx/CMakeFiles/STM32_Drivers.dir/__/__/Core/Src/system_stm32f1xx.c.obj
 .comment       0x0000001e       0x1f cmake/stm32cubemx/CMakeFiles/STM32_Drivers.dir/__/__/Drivers/STM32F1xx_HAL_Driver/Src/stm32f1xx_hal_spi.c.obj
 .comment       0x0000001e       0x1f cmake/stm32cubemx/CMakeFiles/STM32_Drivers.dir/__/__/Drivers/STM32F1xx_HAL_Driver/Src/stm32f1xx_hal.c.obj
 .comment       0x0000001e       0x1f cmake/stm32cubemx/CMakeFiles/STM32_Drivers.dir/__/__/Drivers/STM32F1xx_HAL_Driver/Src/stm32f1xx_hal_rcc.c.obj
 .comment       0x0000001e       0x1f cmake/stm32cubemx/CMakeFiles/STM32_Drivers.dir/__/__/Drivers/STM32F1xx_HAL_Driver/Src/stm32f1xx_hal_gpio.c.obj
 .comment       0x0000001e       0x1f cmake/stm32cubemx/CMakeFiles/STM32_Drivers.dir/__/__/Drivers/STM32F1xx_HAL_Driver/Src/stm32f1xx_hal_cortex.c.obj
 .comment       0x0000001e       0x1f /usr/lib/gcc/arm-none-eabi/14.2.0/../../../../arm-none-eabi/lib/thumb/v7-m/nofp/libg_nano.a(libc_a-memset.o)
 .comment       0x0000001e       0x1f /usr/lib/gcc/arm-none-eabi/14.2.0/../../../../arm-none-eabi/lib/thumb/v7-m/nofp/libg_nano.a(libc_a-init.o)

.debug_info     0x00000000     0x504c
 .debug_info    0x00000000      0xd65 CMakeFiles/Platypus_Measurer.dir/Core/Src/main.cpp.obj
 .debug_info    0x00000d65      0x113 CMakeFiles/Platypus_Measurer.dir/Core/Src/stm32f1xx_it.c.obj
 .debug_info    0x00000e78      0x810 CMakeFiles/Platypus_Measurer.dir/Core/Src/stm32f1xx_hal_msp.c.obj
 .debug_info    0x00001688       0x30 CMakeFiles/Platypus_Measurer.dir/startup_stm32f103xb.s.obj
 .debug_info    0x000016b8      0x3ed cmake/stm32cubemx/CMakeFiles/STM32_Drivers.dir/__/__/Core/Src/system_stm32f1xx.c.obj
 .debug_info    0x00001aa5     0x14c2 cmake/stm32cubemx/CMakeFiles/STM32_Drivers.dir/__/__/Drivers/STM32F1xx_HAL_Driver/Src/stm32f1xx_hal_spi.c.obj
 .debug_info    0x00002f67      0x6ee cmake/stm32cubemx/CMakeFiles/STM32_Drivers.dir/__/__/Drivers/STM32F1xx_HAL_Driver/Src/stm32f1xx_hal.c.obj
 .debug_info    0x00003655      0x7e9 cmake/stm32cubemx/CMakeFiles/STM32_Drivers.dir/__/__/Drivers/STM32F1xx_HAL_Driver/Src/stm32f1xx_hal_rcc.c.obj
 .debug_info    0x00003e3e      0x59c cmake/stm32cubemx/CMakeFiles/STM32_Drivers.dir/__/__/Drivers/STM32F1xx_HAL_Driver/Src/stm32f1xx_hal_gpio.c.obj
 .debug_info    0x000043da      0xa87 cmake/stm32cubemx/CMakeFiles/STM32_Drivers.dir/__/__/Drivers/STM32F1xx_HAL_Driver/Src/stm32f1xx_hal_cortex.c.obj
 .debug_info    0x00004e61       0xe0 /usr/lib/gcc/arm-none-eabi/14.2.0/../../../../arm-none-eabi/lib/thumb/v7-m/nofp/libg_nano.a(libc_a-memset.o)
 .debug_info    0x00004f41      0x10b /usr/lib/gcc/arm-none-eabi/14.2.0/../../../../arm-none-eabi/lib/thumb/v7-m/nofp/libg_nano.a(libc_a-init.o)

.debug_abbrev   0x00000000     0x1468
 .debug_abbrev  0x00000000      0x37d CMakeFiles/Platypus_Measurer.dir/Core/Src/main.cpp.obj
 .debug_abbrev  0x0000037d       0x73 CMakeFiles/Platypus_Measurer.dir/Core/Src/stm32f1xx_it.c.obj
 .debug_abbrev  0x000003f0      0x1a5 CMakeFiles/Platypus_Measurer.dir/Core/Src/stm32f1xx_hal_msp.c.obj
 .debug_abbrev  0x00000595       0x24 CMakeFiles/Platypus_Measurer.dir/startup_stm32f103xb.s.obj
 .debug_abbrev  0x000005b9      0x13d cmake/stm32cubemx/CMakeFiles/STM32_Drivers.dir/__/__/Core/Src/system_stm32f1xx.c.obj
 .debug_abbrev  0x000006f6      0x284 cmake/stm32cubemx/CMakeFiles/STM32_Drivers.dir/__/__/Drivers/STM32F1xx_HAL_Driver/Src/stm32f1xx_hal_spi.c.obj
 .debug_abbrev  0x0000097a      0x214 cmake/stm32cubemx/CMakeFiles/STM32_Drivers.dir/__/__/Drivers/STM32F1xx_HAL_Driver/Src/stm32f1xx_hal.c.obj
 .debug_abbrev  0x00000b8e      0x2b1 cmake/stm32cubemx/CMakeFiles/STM32_Drivers.dir/__/__/Drivers/STM32F1xx_HAL_Driver/Src/stm32f1xx_hal_rcc.c.obj
 .debug_abbrev  0x00000e3f      0x1ca cmake/stm32cubemx/CMakeFiles/STM32_Drivers.dir/__/__/Drivers/STM32F1xx_HAL_Driver/Src/stm32f1xx_hal_gpio.c.obj
 .debug_abbrev  0x00001009      0x2f8 cmake/stm32cubemx/CMakeFiles/STM32_Drivers.dir/__/__/Drivers/STM32F1xx_HAL_Driver/Src/stm32f1xx_hal_cortex.c.obj
 .debug_abbrev  0x00001301       0x9e /usr/lib/gcc/arm-none-eabi/14.2.0/../../../../arm-none-eabi/lib/thumb/v7-m/nofp/libg_nano.a(libc_a-memset.o)
 .debug_abbrev  0x0000139f       0xc9 /usr/lib/gcc/arm-none-eabi/14.2.0/../../../../arm-none-eabi/lib/thumb/v7-m/nofp/libg_nano.a(libc_a-init.o)

.debug_aranges  0x00000000      0x618
 .debug_aranges
                0x00000000       0x60 CMakeFiles/Platypus_Measurer.dir/Core/Src/main.cpp.obj
 .debug_aranges
                0x00000060       0x60 CMakeFiles/Platypus_Measurer.dir/Core/Src/stm32f1xx_it.c.obj
 .debug_aranges
                0x000000c0       0x30 CMakeFiles/Platypus_Measurer.dir/Core/Src/stm32f1xx_hal_msp.c.obj
 .debug_aranges
                0x000000f0       0x28 CMakeFiles/Platypus_Measurer.dir/startup_stm32f103xb.s.obj
 .debug_aranges
                0x00000118       0x28 cmake/stm32cubemx/CMakeFiles/STM32_Drivers.dir/__/__/Core/Src/system_stm32f1xx.c.obj
 .debug_aranges
                0x00000140      0x1d0 cmake/stm32cubemx/CMakeFiles/STM32_Drivers.dir/__/__/Drivers/STM32F1xx_HAL_Driver/Src/stm32f1xx_hal_spi.c.obj
 .debug_aranges
                0x00000310       0xe0 cmake/stm32cubemx/CMakeFiles/STM32_Drivers.dir/__/__/Drivers/STM32F1xx_HAL_Driver/Src/stm32f1xx_hal.c.obj
 .debug_aranges
                0x000003f0       0x90 cmake/stm32cubemx/CMakeFiles/STM32_Drivers.dir/__/__/Drivers/STM32F1xx_HAL_Driver/Src/stm32f1xx_hal_rcc.c.obj
 .debug_aranges
                0x00000480       0x58 cmake/stm32cubemx/CMakeFiles/STM32_Drivers.dir/__/__/Drivers/STM32F1xx_HAL_Driver/Src/stm32f1xx_hal_gpio.c.obj
 .debug_aranges
                0x000004d8      0x100 cmake/stm32cubemx/CMakeFiles/STM32_Drivers.dir/__/__/Drivers/STM32F1xx_HAL_Driver/Src/stm32f1xx_hal_cortex.c.obj
 .debug_aranges
                0x000005d8       0x20 /usr/lib/gcc/arm-none-eabi/14.2.0/../../../../arm-none-eabi/lib/thumb/v7-m/nofp/libg_nano.a(libc_a-memset.o)
 .debug_aranges
                0x000005f8       0x20 /usr/lib/gcc/arm-none-eabi/14.2.0/../../../../arm-none-eabi/lib/thumb/v7-m/nofp/libg_nano.a(libc_a-init.o)

.debug_rnglists
                0x00000000      0x478
 .debug_rnglists
                0x00000000       0x45 CMakeFiles/Platypus_Measurer.dir/Core/Src/main.cpp.obj
 .debug_rnglists
                0x00000045       0x43 CMakeFiles/Platypus_Measurer.dir/Core/Src/stm32f1xx_it.c.obj
 .debug_rnglists
                0x00000088       0x20 CMakeFiles/Platypus_Measurer.dir/Core/Src/stm32f1xx_hal_msp.c.obj
 .debug_rnglists
                0x000000a8       0x19 CMakeFiles/Platypus_Measurer.dir/startup_stm32f103xb.s.obj
 .debug_rnglists
                0x000000c1       0x1a cmake/stm32cubemx/CMakeFiles/STM32_Drivers.dir/__/__/Core/Src/system_stm32f1xx.c.obj
 .debug_rnglists
                0x000000db      0x16e cmake/stm32cubemx/CMakeFiles/STM32_Drivers.dir/__/__/Drivers/STM32F1xx_HAL_Driver/Src/stm32f1xx_hal_spi.c.obj
 .debug_rnglists
                0x00000249       0xa3 cmake/stm32cubemx/CMakeFiles/STM32_Drivers.dir/__/__/Drivers/STM32F1xx_HAL_Driver/Src/stm32f1xx_hal.c.obj
 .debug_rnglists
                0x000002ec       0x6c cmake/stm32cubemx/CMakeFiles/STM32_Drivers.dir/__/__/Drivers/STM32F1xx_HAL_Driver/Src/stm32f1xx_hal_rcc.c.obj
 .debug_rnglists
                0x00000358       0x3f cmake/stm32cubemx/CMakeFiles/STM32_Drivers.dir/__/__/Drivers/STM32F1xx_HAL_Driver/Src/stm32f1xx_hal_gpio.c.obj
 .debug_rnglists
                0x00000397       0xbb cmake/stm32cubemx/CMakeFiles/STM32_Drivers.dir/__/__/Drivers/STM32F1xx_HAL_Driver/Src/stm32f1xx_hal_cortex.c.obj
 .debug_rnglists
                0x00000452       0x13 /usr/lib/gcc/arm-none-eabi/14.2.0/../../../../arm-none-eabi/lib/thumb/v7-m/nofp/libg_nano.a(libc_a-memset.o)
 .debug_rnglists
                0x00000465       0x13 /usr/lib/gcc/arm-none-eabi/14.2.0/../../../../arm-none-eabi/lib/thumb/v7-m/nofp/libg_nano.a(libc_a-init.o)

.debug_macro    0x00000000    0x14393
 .debug_macro   0x00000000      0x19f CMakeFiles/Platypus_Measurer.dir/Core/Src/main.cpp.obj
 .debug_macro   0x0000019f      0xc10 CMakeFiles/Platypus_Measurer.dir/Core/Src/main.cpp.obj
 .debug_macro   0x00000daf      0x215 CMakeFiles/Platypus_Measurer.dir/Core/Src/main.cpp.obj
 .debug_macro   0x00000fc4       0x2e CMakeFiles/Platypus_Measurer.dir/Core/Src/main.cpp.obj
 .debug_macro   0x00000ff2       0x22 CMakeFiles/Platypus_Measurer.dir/Core/Src/main.cpp.obj
 .debug_macro   0x00001014       0x1c CMakeFiles/Platypus_Measurer.dir/Core/Src/main.cpp.obj
 .debug_macro   0x00001030       0x22 CMakeFiles/Platypus_Measurer.dir/Core/Src/main.cpp.obj
 .debug_macro   0x00001052       0x8e CMakeFiles/Platypus_Measurer.dir/Core/Src/main.cpp.obj
 .debug_macro   0x000010e0       0x51 CMakeFiles/Platypus_Measurer.dir/Core/Src/main.cpp.obj
 .debug_macro   0x00001131      0x103 CMakeFiles/Platypus_Measurer.dir/Core/Src/main.cpp.obj
 .debug_macro   0x00001234       0x6a CMakeFiles/Platypus_Measurer.dir/Core/Src/main.cpp.obj
 .debug_macro   0x0000129e      0x1df CMakeFiles/Platypus_Measurer.dir/Core/Src/main.cpp.obj
 .debug_macro   0x0000147d       0x1c CMakeFiles/Platypus_Measurer.dir/Core/Src/main.cpp.obj
 .debug_macro   0x00001499       0x22 CMakeFiles/Platypus_Measurer.dir/Core/Src/main.cpp.obj
 .debug_macro   0x000014bb       0xbd CMakeFiles/Platypus_Measurer.dir/Core/Src/main.cpp.obj
 .debug_macro   0x00001578      0xd23 CMakeFiles/Platypus_Measurer.dir/Core/Src/main.cpp.obj
 .debug_macro   0x0000229b     0xe09e CMakeFiles/Platypus_Measurer.dir/Core/Src/main.cpp.obj
 .debug_macro   0x00010339       0x43 CMakeFiles/Platypus_Measurer.dir/Core/Src/main.cpp.obj
 .debug_macro   0x0001037c      0x197 CMakeFiles/Platypus_Measurer.dir/Core/Src/main.cpp.obj
 .debug_macro   0x00010513       0x5a CMakeFiles/Platypus_Measurer.dir/Core/Src/main.cpp.obj
 .debug_macro   0x0001056d      0x5be CMakeFiles/Platypus_Measurer.dir/Core/Src/main.cpp.obj
 .debug_macro   0x00010b2b      0x289 CMakeFiles/Platypus_Measurer.dir/Core/Src/main.cpp.obj
 .debug_macro   0x00010db4      0x1cb CMakeFiles/Platypus_Measurer.dir/Core/Src/main.cpp.obj
 .debug_macro   0x00010f7f      0x114 CMakeFiles/Platypus_Measurer.dir/Core/Src/main.cpp.obj
 .debug_macro   0x00011093      0x1b2 CMakeFiles/Platypus_Measurer.dir/Core/Src/main.cpp.obj
 .debug_macro   0x00011245       0x27 CMakeFiles/Platypus_Measurer.dir/Core/Src/main.cpp.obj
 .debug_macro   0x0001126c      0x136 CMakeFiles/Platypus_Measurer.dir/Core/Src/main.cpp.obj
 .debug_macro   0x000113a2      0x1bc CMakeFiles/Platypus_Measurer.dir/Core/Src/main.cpp.obj
 .debug_macro   0x0001155e       0x34 CMakeFiles/Platypus_Measurer.dir/Core/Src/main.cpp.obj
 .debug_macro   0x00011592       0x3c CMakeFiles/Platypus_Measurer.dir/Core/Src/main.cpp.obj
 .debug_macro   0x000115ce       0x57 CMakeFiles/Platypus_Measurer.dir/Core/Src/main.cpp.obj
 .debug_macro   0x00011625       0x88 CMakeFiles/Platypus_Measurer.dir/Core/Src/main.cpp.obj
 .debug_macro   0x000116ad      0x241 CMakeFiles/Platypus_Measurer.dir/Core/Src/main.cpp.obj
 .debug_macro   0x000118ee      0x141 CMakeFiles/Platypus_Measurer.dir/Core/Src/main.cpp.obj
 .debug_macro   0x00011a2f      0x217 CMakeFiles/Platypus_Measurer.dir/Core/Src/main.cpp.obj
 .debug_macro   0x00011c46       0x83 CMakeFiles/Platypus_Measurer.dir/Core/Src/main.cpp.obj
 .debug_macro   0x00011cc9       0x4c CMakeFiles/Platypus_Measurer.dir/Core/Src/main.cpp.obj
 .debug_macro   0x00011d15      0x19e CMakeFiles/Platypus_Measurer.dir/Core/Src/stm32f1xx_it.c.obj
 .debug_macro   0x00011eb3      0xacc CMakeFiles/Platypus_Measurer.dir/Core/Src/stm32f1xx_it.c.obj
 .debug_macro   0x0001297f      0xd23 CMakeFiles/Platypus_Measurer.dir/Core/Src/stm32f1xx_it.c.obj
 .debug_macro   0x000136a2      0x190 CMakeFiles/Platypus_Measurer.dir/Core/Src/stm32f1xx_it.c.obj
 .debug_macro   0x00013832      0x194 CMakeFiles/Platypus_Measurer.dir/Core/Src/stm32f1xx_hal_msp.c.obj
 .debug_macro   0x000139c6      0x18b cmake/stm32cubemx/CMakeFiles/STM32_Drivers.dir/__/__/Core/Src/system_stm32f1xx.c.obj
 .debug_macro   0x00013b51      0x18d cmake/stm32cubemx/CMakeFiles/STM32_Drivers.dir/__/__/Drivers/STM32F1xx_HAL_Driver/Src/stm32f1xx_hal_spi.c.obj
 .debug_macro   0x00013cde      0x1a9 cmake/stm32cubemx/CMakeFiles/STM32_Drivers.dir/__/__/Drivers/STM32F1xx_HAL_Driver/Src/stm32f1xx_hal.c.obj
 .debug_macro   0x00013e87      0x197 cmake/stm32cubemx/CMakeFiles/STM32_Drivers.dir/__/__/Drivers/STM32F1xx_HAL_Driver/Src/stm32f1xx_hal_rcc.c.obj
 .debug_macro   0x0001401e      0x1f0 cmake/stm32cubemx/CMakeFiles/STM32_Drivers.dir/__/__/Drivers/STM32F1xx_HAL_Driver/Src/stm32f1xx_hal_gpio.c.obj
 .debug_macro   0x0001420e      0x185 cmake/stm32cubemx/CMakeFiles/STM32_Drivers.dir/__/__/Drivers/STM32F1xx_HAL_Driver/Src/stm32f1xx_hal_cortex.c.obj

.debug_line     0x00000000     0x59f5
 .debug_line    0x00000000      0x69e CMakeFiles/Platypus_Measurer.dir/Core/Src/main.cpp.obj
 .debug_line    0x0000069e      0x5b4 CMakeFiles/Platypus_Measurer.dir/Core/Src/stm32f1xx_it.c.obj
 .debug_line    0x00000c52      0x559 CMakeFiles/Platypus_Measurer.dir/Core/Src/stm32f1xx_hal_msp.c.obj
 .debug_line    0x000011ab       0x76 CMakeFiles/Platypus_Measurer.dir/startup_stm32f103xb.s.obj
 .debug_line    0x00001221      0x5b2 cmake/stm32cubemx/CMakeFiles/STM32_Drivers.dir/__/__/Core/Src/system_stm32f1xx.c.obj
 .debug_line    0x000017d3     0x1a38 cmake/stm32cubemx/CMakeFiles/STM32_Drivers.dir/__/__/Drivers/STM32F1xx_HAL_Driver/Src/stm32f1xx_hal_spi.c.obj
 .debug_line    0x0000320b      0x7af cmake/stm32cubemx/CMakeFiles/STM32_Drivers.dir/__/__/Drivers/STM32F1xx_HAL_Driver/Src/stm32f1xx_hal.c.obj
 .debug_line    0x000039ba      0xc70 cmake/stm32cubemx/CMakeFiles/STM32_Drivers.dir/__/__/Drivers/STM32F1xx_HAL_Driver/Src/stm32f1xx_hal_rcc.c.obj
 .debug_line    0x0000462a      0x813 cmake/stm32cubemx/CMakeFiles/STM32_Drivers.dir/__/__/Drivers/STM32F1xx_HAL_Driver/Src/stm32f1xx_hal_gpio.c.obj
 .debug_line    0x00004e3d      0x97f cmake/stm32cubemx/CMakeFiles/STM32_Drivers.dir/__/__/Drivers/STM32F1xx_HAL_Driver/Src/stm32f1xx_hal_cortex.c.obj
 .debug_line    0x000057bc      0x123 /usr/lib/gcc/arm-none-eabi/14.2.0/../../../../arm-none-eabi/lib/thumb/v7-m/nofp/libg_nano.a(libc_a-memset.o)
 .debug_line    0x000058df      0x116 /usr/lib/gcc/arm-none-eabi/14.2.0/../../../../arm-none-eabi/lib/thumb/v7-m/nofp/libg_nano.a(libc_a-init.o)

.debug_str      0x00000000    0x669d9
 .debug_str     0x00000000    0x669d9 CMakeFiles/Platypus_Measurer.dir/Core/Src/main.cpp.obj
                              0x65325 (size before relaxing)
 .debug_str     0x000669d9    0x642b2 CMakeFiles/Platypus_Measurer.dir/Core/Src/stm32f1xx_it.c.obj
 .debug_str     0x000669d9    0x646f8 CMakeFiles/Platypus_Measurer.dir/Core/Src/stm32f1xx_hal_msp.c.obj
 .debug_str     0x000669d9       0xa0 CMakeFiles/Platypus_Measurer.dir/startup_stm32f103xb.s.obj
 .debug_str     0x000669d9    0x64202 cmake/stm32cubemx/CMakeFiles/STM32_Drivers.dir/__/__/Core/Src/system_stm32f1xx.c.obj
 .debug_str     0x000669d9    0x64a93 cmake/stm32cubemx/CMakeFiles/STM32_Drivers.dir/__/__/Drivers/STM32F1xx_HAL_Driver/Src/stm32f1xx_hal_spi.c.obj
 .debug_str     0x000669d9    0x648ae cmake/stm32cubemx/CMakeFiles/STM32_Drivers.dir/__/__/Drivers/STM32F1xx_HAL_Driver/Src/stm32f1xx_hal.c.obj
 .debug_str     0x000669d9    0x645b7 cmake/stm32cubemx/CMakeFiles/STM32_Drivers.dir/__/__/Drivers/STM32F1xx_HAL_Driver/Src/stm32f1xx_hal_rcc.c.obj
 .debug_str     0x000669d9    0x6450e cmake/stm32cubemx/CMakeFiles/STM32_Drivers.dir/__/__/Drivers/STM32F1xx_HAL_Driver/Src/stm32f1xx_hal_gpio.c.obj
 .debug_str     0x000669d9    0x64807 cmake/stm32cubemx/CMakeFiles/STM32_Drivers.dir/__/__/Drivers/STM32F1xx_HAL_Driver/Src/stm32f1xx_hal_cortex.c.obj
 .debug_str     0x000669d9      0x1b7 /usr/lib/gcc/arm-none-eabi/14.2.0/../../../../arm-none-eabi/lib/thumb/v7-m/nofp/libg_nano.a(libc_a-memset.o)
 .debug_str     0x000669d9      0x218 /usr/lib/gcc/arm-none-eabi/14.2.0/../../../../arm-none-eabi/lib/thumb/v7-m/nofp/libg_nano.a(libc_a-init.o)

.debug_frame    0x00000000     0x1640
 .debug_frame   0x00000000      0x130 CMakeFiles/Platypus_Measurer.dir/Core/Src/main.cpp.obj
 .debug_frame   0x00000130      0x104 CMakeFiles/Platypus_Measurer.dir/Core/Src/stm32f1xx_it.c.obj
 .debug_frame   0x00000234       0x80 CMakeFiles/Platypus_Measurer.dir/Core/Src/stm32f1xx_hal_msp.c.obj
 .debug_frame   0x000002b4       0x58 cmake/stm32cubemx/CMakeFiles/STM32_Drivers.dir/__/__/Core/Src/system_stm32f1xx.c.obj
 .debug_frame   0x0000030c      0x824 cmake/stm32cubemx/CMakeFiles/STM32_Drivers.dir/__/__/Drivers/STM32F1xx_HAL_Driver/Src/stm32f1xx_hal_spi.c.obj
 .debug_frame   0x00000b30      0x334 cmake/stm32cubemx/CMakeFiles/STM32_Drivers.dir/__/__/Drivers/STM32F1xx_HAL_Driver/Src/stm32f1xx_hal.c.obj
 .debug_frame   0x00000e64      0x21c cmake/stm32cubemx/CMakeFiles/STM32_Drivers.dir/__/__/Drivers/STM32F1xx_HAL_Driver/Src/stm32f1xx_hal_rcc.c.obj
 .debug_frame   0x00001080      0x14c cmake/stm32cubemx/CMakeFiles/STM32_Drivers.dir/__/__/Drivers/STM32F1xx_HAL_Driver/Src/stm32f1xx_hal_gpio.c.obj
 .debug_frame   0x000011cc      0x428 cmake/stm32cubemx/CMakeFiles/STM32_Drivers.dir/__/__/Drivers/STM32F1xx_HAL_Driver/Src/stm32f1xx_hal_cortex.c.obj
 .debug_frame   0x000015f4       0x20 /usr/lib/gcc/arm-none-eabi/14.2.0/../../../../arm-none-eabi/lib/thumb/v7-m/nofp/libg_nano.a(libc_a-memset.o)
 .debug_frame   0x00001614       0x2c /usr/lib/gcc/arm-none-eabi/14.2.0/../../../../arm-none-eabi/lib/thumb/v7-m/nofp/libg_nano.a(libc_a-init.o)

.debug_line_str
                0x00000000       0x86
 .debug_line_str
                0x00000000       0x86 CMakeFiles/Platypus_Measurer.dir/startup_stm32f103xb.s.obj

.debug_loclists
                0x00000000       0x7f
 .debug_loclists
                0x00000000       0x3b /usr/lib/gcc/arm-none-eabi/14.2.0/../../../../arm-none-eabi/lib/thumb/v7-m/nofp/libg_nano.a(libc_a-memset.o)
 .debug_loclists
                0x0000003b       0x44 /usr/lib/gcc/arm-none-eabi/14.2.0/../../../../arm-none-eabi/lib/thumb/v7-m/nofp/libg_nano.a(libc_a-init.o)
